[0] 0
  Edges: Out  In  Back
  Dominators: Pre-0  Post-0
    IL_0000: nop
    IL_0001: nop
    IL_0002: call System.Void cilspirv.Transpiler.test.TestControlFlowAnalysis::Unreachable()

[1] 0
  Edges: Out  In  Back
  Dominators: Pre-1  Post-1
    IL_0007: nop
    IL_0008: ret
