[0] SelectionHeader Merge:3
  Edges: Out-2-1  In  Back
  Dominators: Pre-0  Post-0
    IL_0000: ldarg.0
    IL_0001: brtrue IL_000b

[1] 0
  Edges: Out  In-0  Back
  Dominators: Pre-0  Post-1
    IL_0006: call System.Void cilspirv.Transpiler.test.TestControlFlowAnalysis::Unreachable()

[2] 0
  Edges: Out  In-0  Back
  Dominators: Pre-0  Post-2
    IL_000b: ret

[3] MergeBlock, Unreachable Merge:<none>
  Edges: Out  In  Back
  Dominators: Pre-<none>  Post-<none>
