[0] 0
  Edges: Out-2  In  Back
  Dominators: Pre-0  Post-2
    IL_0000: br IL_000c

[1] 0
  Edges: Out-2  In-2  Back
  Dominators: Pre-2  Post-2
    IL_0005: ldarg.0
    IL_0006: ldc.i4.1
    IL_0007: sub
    IL_0008: starg 
    IL_f00c: br IL_000c

[2] 0
  Edges: Out-1-3  In-0  Back-1
  Dominators: Pre-0  Post-3
    IL_000c: ldarg.0
    IL_000d: brtrue IL_0005

[3] 0
  Edges: Out  In-2  Back
  Dominators: Pre-2  Post-3
    IL_0012: ret
