[0] 0
  Edges: Out  In  Back
  Dominators: Pre-0  Post-0
    IL_0000: ret
