SPIRV 1.3
Generator 002A 1.0
OpCapability Shader
OpMemoryModel Logical Simple
OpEntryPoint Fragment #4 "SampleConstant" #6
OpExecutionMode #4 OriginUpperLeft
OpName #4 "SampleConstant"
OpName #6 "#return"
OpName #7 "sampler"
OpName #14 "Sampler2D_Image"
OpName #15 "Sampler2D"
OpDecorate #6 Location 0
OpDecorate #7 Binding 0
OpDecorate #7 DescriptorSet 0
#9 = OpTypeVoid
#10 = OpTypeFloat 32
#11 = OpTypeVector #10 2
#12 = OpTypeVector #10 4
#13 = OpTypeFunction #9
#14 = OpTypeImage #10 Dim2D 0 0 0 1 Unknown 
#15 = OpTypeSampledImage #14
#16 = OpTypePointer Output #12
#17 = OpTypePointer UniformConstant #15
#8 = OpConstant #10 00000000
#6 = OpVariable #16 Output 
#7 = OpVariable #17 UniformConstant 
#4 = OpFunction #9 None #13
#5 = OpLabel
#1 = OpLoad #15 #7 
#2 = OpCompositeConstruct #11 #8 #8
#3 = OpImageSampleImplicitLod #12 #1 #2 
OpStore #6 #3 
OpReturn
OpFunctionEnd
