SPIRV 1.3
Generator 002A 1.0
OpCapability Shader
OpCapability Linkage
OpMemoryModel Logical Simple
OpName #2 "Unmarked_"
OpName #3 "m"
OpName #5 "System.Int32"
OpName #6 "Unmarked"
OpMemberName #6 0 "a"
OpMemberName #6 1 "b"
#5 = OpTypeInt 32 1
#6 = OpTypeStruct #5 #5
#7 = OpTypeFunction #5 #6
#2 = OpFunction #5 None #7
#3 = OpFunctionParameter #6
#4 = OpLabel
#1 = OpCompositeExtract #5 #3 0
OpReturnValue #1
OpFunctionEnd
