SPIRV 1.3
Generator 002A 1.0
OpCapability Shader
OpMemoryModel Logical Simple
OpEntryPoint Fragment #6 "ImplicitBlockStructure" #8
OpExecutionMode #6 OriginUpperLeft
OpName #6 "ImplicitBlockStructure"
OpName #8 "#return"
OpName #9 "a#Block"
OpName #10 "b#Block"
OpName #12 "System.Int32"
OpName #17 "{UInt32}"
OpMemberName #17 0 "a"
OpName #18 "{UInt32}"
OpMemberName #18 0 "b"
OpDecorate #8 Location 0
OpDecorate #9 Binding 0
OpDecorate #9 DescriptorSet 0
OpDecorate #10 Binding 0
OpDecorate #10 DescriptorSet 0
OpDecorate #17 Block
OpMemberDecorate #17 0 Offset 0
OpDecorate #18 Block
OpMemberDecorate #18 0 Offset 0
#12 = OpTypeInt 32 1
#13 = OpTypeVoid
#14 = OpTypePointer Uniform #12
#15 = OpTypeFunction #13
#16 = OpTypePointer Output #12
#17 = OpTypeStruct #12
#18 = OpTypeStruct #12
#19 = OpTypePointer Uniform #17
#20 = OpTypePointer Uniform #18
#11 = OpConstant #12 00000000
#8 = OpVariable #16 Output 
#9 = OpVariable #19 Uniform 
#10 = OpVariable #20 Uniform 
#6 = OpFunction #13 None #15
#7 = OpLabel
#1 = OpAccessChain #14 #9 #11
#2 = OpLoad #12 #1 
#3 = OpAccessChain #14 #10 #11
#4 = OpLoad #12 #3 
#5 = OpIAdd #12 #2 #4
OpStore #8 #5 
OpReturn
OpFunctionEnd
