SPIRV 1.3
Generator 002A 1.0
OpCapability Shader
OpMemoryModel Logical Simple
OpEntryPoint Fragment #3 "RefFrag" #8 #7
OpEntryPoint Vertex #5 "RefVert" #9
OpExecutionMode #3 OriginUpperLeft
OpName #3 "RefFrag"
OpName #5 "RefVert"
OpName #7 "#return"
OpName #8 "System.Single cilspirv.transpiler.test.Values.Modules.TemplateStructs/Simple::m"
OpName #9 "System.Single cilspirv.transpiler.test.Values.Modules.TemplateStructs/Simple::m"
OpName #12 "System.Single"
OpDecorate #7 Location 0
OpDecorate #8 Location 0
OpDecorate #9 Location 0
#12 = OpTypeFloat 32
#13 = OpTypeVoid
#14 = OpTypeFunction #13
#15 = OpTypePointer Output #12
#16 = OpTypePointer Input #12
#10 = OpConstant #12 40000000
#11 = OpConstant #12 42280000
#7 = OpVariable #15 Output 
#8 = OpVariable #16 Input 
#9 = OpVariable #15 Output 
#3 = OpFunction #13 None #14
#4 = OpLabel
#1 = OpLoad #12 #8 
#2 = OpFMul #12 #1 #10
OpStore #7 #2 
OpReturn
OpFunctionEnd
#5 = OpFunction #13 None #14
#6 = OpLabel
OpStore #9 #11 
OpReturn
OpFunctionEnd
