SPIRV 1.3
Generator 002A 1.0
OpCapability Shader
OpMemoryModel Logical Simple
OpEntryPoint Fragment #5 "ValueNestedStruct" #7
OpExecutionMode #5 OriginUpperLeft
OpName #5 "ValueNestedStruct"
OpName #7 "#return"
OpName #8 "n#Block"
OpName #10 "System.Int32"
OpName #12 "PrimitiveStruct"
OpMemberName #12 0 "a"
OpMemberName #12 1 "b"
OpMemberName #12 2 "c"
OpName #15 "NestedStruct"
OpMemberName #15 0 "a"
OpMemberName #15 1 "nested"
OpName #17 "{{UInt32, {UInt32, UInt32, UInt32}}}"
OpMemberName #17 0 "n"
OpDecorate #7 Location 0
OpDecorate #8 Binding 0
OpDecorate #8 DescriptorSet 0
OpMemberDecorate #12 0 Offset 0
OpMemberDecorate #12 1 Offset 4
OpMemberDecorate #12 2 Offset 8
OpMemberDecorate #15 0 Offset 0
OpMemberDecorate #15 1 Offset 16
OpDecorate #17 Block
OpMemberDecorate #17 0 Offset 0
#10 = OpTypeInt 32 1
#11 = OpTypeVoid
#12 = OpTypeStruct #10 #10 #10
#13 = OpTypeFunction #11
#14 = OpTypePointer Output #10
#15 = OpTypeStruct #10 #12
#16 = OpTypePointer Uniform #15
#17 = OpTypeStruct #15
#18 = OpTypePointer Uniform #17
#9 = OpConstant #10 00000000
#7 = OpVariable #14 Output 
#8 = OpVariable #18 Uniform 
#5 = OpFunction #11 None #13
#6 = OpLabel
#1 = OpAccessChain #16 #8 #9
#2 = OpLoad #15 #1 
#3 = OpCompositeExtract #12 #2 1
#4 = OpCompositeExtract #10 #3 1
OpStore #7 #4 
OpReturn
OpFunctionEnd
