SPIRV 1.3
Generator 002A 1.0
OpCapability Shader
OpCapability Linkage
OpMemoryModel Logical Simple
OpEntryPoint Fragment #1 "EntryVoid"
OpExecutionMode #1 OriginUpperLeft
OpName #1 "EntryVoid"
#3 = OpTypeVoid
#4 = OpTypeFunction #3
#1 = OpFunction #3 None #4
#2 = OpLabel
OpNop
OpReturn
OpFunctionEnd
