SPIRV 1.3
Generator 002A 1.0
OpCapability Shader
OpMemoryModel Logical Simple
OpEntryPoint Fragment #5 "RefNestedStruct" #7
OpExecutionMode #5 OriginUpperLeft
OpName #5 "RefNestedStruct"
OpName #7 "#return"
OpName #8 "n#Block"
OpName #11 "System.Int32"
OpName #16 "PrimitiveStruct"
OpMemberName #16 0 "a"
OpMemberName #16 1 "b"
OpMemberName #16 2 "c"
OpName #18 "NestedStruct"
OpMemberName #18 0 "a"
OpMemberName #18 1 "nested"
OpName #20 "{{UInt32, {UInt32, UInt32, UInt32}}}"
OpMemberName #20 0 "n"
OpDecorate #7 Location 0
OpDecorate #8 Binding 0
OpDecorate #8 DescriptorSet 0
OpMemberDecorate #16 0 Offset 0
OpMemberDecorate #16 1 Offset 4
OpMemberDecorate #16 2 Offset 8
OpMemberDecorate #18 0 Offset 0
OpMemberDecorate #18 1 Offset 16
OpDecorate #20 Block
OpMemberDecorate #20 0 Offset 0
#11 = OpTypeInt 32 1
#12 = OpTypeVoid
#13 = OpTypePointer Uniform #11
#14 = OpTypeFunction #12
#15 = OpTypePointer Output #11
#16 = OpTypeStruct #11 #11 #11
#17 = OpTypePointer Uniform #16
#18 = OpTypeStruct #11 #16
#19 = OpTypePointer Uniform #18
#20 = OpTypeStruct #18
#21 = OpTypePointer Uniform #20
#9 = OpConstant #11 00000000
#10 = OpConstant #11 00000001
#7 = OpVariable #15 Output 
#8 = OpVariable #21 Uniform 
#5 = OpFunction #12 None #14
#6 = OpLabel
#1 = OpAccessChain #19 #8 #9
#2 = OpAccessChain #17 #1 #10
#4 = OpAccessChain #13 #2 #10
#3 = OpLoad #11 #4 
OpStore #7 #3 
OpReturn
OpFunctionEnd
