SPIRV 1.3
Generator 002A 1.0
OpCapability Shader
OpMemoryModel Logical Simple
OpEntryPoint Fragment #4 "RefPrimStructFirst" #6
OpExecutionMode #4 OriginUpperLeft
OpName #4 "RefPrimStructFirst"
OpName #6 "#return"
OpName #7 "s#Block"
OpName #9 "System.Int32"
OpName #14 "PrimitiveStruct"
OpMemberName #14 0 "a"
OpMemberName #14 1 "b"
OpMemberName #14 2 "c"
OpName #16 "{{UInt32, UInt32, UInt32}}"
OpMemberName #16 0 "s"
OpDecorate #6 Location 0
OpDecorate #7 Binding 0
OpDecorate #7 DescriptorSet 0
OpMemberDecorate #14 0 Offset 0
OpMemberDecorate #14 1 Offset 4
OpMemberDecorate #14 2 Offset 8
OpDecorate #16 Block
OpMemberDecorate #16 0 Offset 0
#9 = OpTypeInt 32 1
#10 = OpTypeVoid
#11 = OpTypePointer Uniform #9
#12 = OpTypeFunction #10
#13 = OpTypePointer Output #9
#14 = OpTypeStruct #9 #9 #9
#15 = OpTypePointer Uniform #14
#16 = OpTypeStruct #14
#17 = OpTypePointer Uniform #16
#8 = OpConstant #9 00000000
#6 = OpVariable #13 Output 
#7 = OpVariable #17 Uniform 
#4 = OpFunction #10 None #12
#5 = OpLabel
#1 = OpAccessChain #15 #7 #8
#3 = OpAccessChain #11 #1 #8
#2 = OpLoad #9 #3 
OpStore #6 #2 
OpReturn
OpFunctionEnd
