SPIRV 1.3
Generator 002A 1.0
OpMemoryModel Logical Simple
OpName #1 "Real"
OpName #4 "System.Int32"
#4 = OpTypeInt 32 1
#5 = OpTypeFunction #4
#3 = OpConstant #4 00000018
#1 = OpFunction #4 None #5
#2 = OpLabel
OpReturnValue #3
OpFunctionEnd
