SPIRV 1.3
Generator 002A 1.0
OpCapability Shader
OpCapability Linkage
OpMemoryModel Logical Simple
OpEntryPoint Fragment #1 "Var" #3
OpExecutionMode #1 OriginUpperLeft
OpName #1 "Var"
OpName #3 "#return"
#5 = OpTypeVoid
#6 = OpTypeInt 32 1
#7 = OpTypeFunction #5
#8 = OpTypePointer Output #6
#4 = OpConstant #6 00000020
#3 = OpVariable #8 Output 
#1 = OpFunction #5 None #7
#2 = OpLabel
OpStore #3 #4 
OpReturn
OpFunctionEnd
