SPIRV 1.3
Generator 002A 1.0
OpCapability Shader
OpMemoryModel Logical Simple
OpEntryPoint Fragment #3 "Primitive" #5
OpExecutionMode #3 OriginUpperLeft
OpName #3 "Primitive"
OpName #5 "#return"
OpName #6 "a#Block"
OpName #8 "System.Int32"
OpName #13 "{UInt32}"
OpMemberName #13 0 "a"
OpDecorate #5 Location 0
OpDecorate #6 Binding 0
OpDecorate #6 DescriptorSet 0
OpDecorate #13 Block
OpMemberDecorate #13 0 Offset 0
#8 = OpTypeInt 32 1
#9 = OpTypeVoid
#10 = OpTypePointer Uniform #8
#11 = OpTypeFunction #9
#12 = OpTypePointer Output #8
#13 = OpTypeStruct #8
#14 = OpTypePointer Uniform #13
#7 = OpConstant #8 00000000
#5 = OpVariable #12 Output 
#6 = OpVariable #14 Uniform 
#3 = OpFunction #9 None #11
#4 = OpLabel
#1 = OpAccessChain #10 #6 #7
#2 = OpLoad #8 #1 
OpStore #5 #2 
OpReturn
OpFunctionEnd
